../Core/Src/main.c:222:5:main	8	static
../Core/Src/main.c:358:6:SystemClock_Config	88	static
../Core/Src/main.c:409:13:MX_ADC1_Init	24	static
../Core/Src/main.c:477:13:MX_CAN1_Init	8	static
../Core/Src/main.c:514:13:MX_CAN2_Init	8	static
../Core/Src/main.c:551:13:MX_CRC_Init	8	static
../Core/Src/main.c:577:13:MX_DMA2D_Init	8	static
../Core/Src/main.c:614:13:MX_DSIHOST_DSI_Init	176	static
../Core/Src/main.c:723:13:MX_I2C1_Init	8	static
../Core/Src/main.c:757:13:MX_I2C2_Init	8	static
../Core/Src/main.c:791:13:MX_LTDC_Init	64	static
../Core/Src/main.c:853:13:MX_QUADSPI_Init	8	static
../Core/Src/main.c:888:13:MX_SDIO_SD_Init	4	static
../Core/Src/main.c:916:13:MX_SPI2_Init	8	static
../Core/Src/main.c:954:13:MX_TIM2_Init	32	static
../Core/Src/main.c:999:13:MX_TIM7_Init	16	static
../Core/Src/main.c:1037:13:MX_USART6_UART_Init	8	static
../Core/Src/main.c:1068:13:MX_DMA_Init	16	static
../Core/Src/main.c:1085:13:MX_FMC_Init	40	static
../Core/Src/main.c:1136:13:MX_GPIO_Init	72	static
../Core/Src/main.c:1259:6:StartDefaultTask	16	static
../Core/Src/main.c:1277:6:StartStateTask	16	static
../Core/Src/main.c:1295:6:StartOutTask	16	static
../Core/Src/main.c:1313:6:StartModeTask	16	static
../Core/Src/main.c:1331:6:StartTimeTask	16	static
../Core/Src/main.c:1349:6:StartCAN2TxTask	16	static
../Core/Src/main.c:1367:6:StartSDTask	16	static
../Core/Src/main.c:1385:6:StartCAN1RxTxTask	16	static
../Core/Src/main.c:1403:6:StartAlarmTask	16	static
../Core/Src/main.c:1421:6:StartRequestTask	16	static
../Core/Src/main.c:1439:6:StartCAN1_ReceiveTask	16	static
../Core/Src/main.c:1457:6:StartCAN1_TransmitTask	16	static
../Core/Src/main.c:1475:6:StartAcquisitionTask	16	static
../Core/Src/main.c:1494:6:HAL_TIM_PeriodElapsedCallback	16	static
../Core/Src/main.c:1511:6:Error_Handler	4	static,ignoring_inline_asm
