../Core/Src/stm32f4xx_hal_msp.c:66:6:HAL_MspInit	16	static
../Core/Src/stm32f4xx_hal_msp.c:90:6:HAL_ADC_MspInit	56	static
../Core/Src/stm32f4xx_hal_msp.c:137:6:HAL_ADC_MspDeInit	16	static
../Core/Src/stm32f4xx_hal_msp.c:173:6:HAL_CAN_MspInit	56	static
../Core/Src/stm32f4xx_hal_msp.c:243:6:HAL_CAN_MspDeInit	16	static
../Core/Src/stm32f4xx_hal_msp.c:296:6:HAL_CRC_MspInit	24	static
../Core/Src/stm32f4xx_hal_msp.c:318:6:HAL_CRC_MspDeInit	16	static
../Core/Src/stm32f4xx_hal_msp.c:340:6:HAL_DMA2D_MspInit	24	static
../Core/Src/stm32f4xx_hal_msp.c:365:6:HAL_DMA2D_MspDeInit	16	static
../Core/Src/stm32f4xx_hal_msp.c:390:6:HAL_DSI_MspInit	48	static
../Core/Src/stm32f4xx_hal_msp.c:428:6:HAL_DSI_MspDeInit	16	static
../Core/Src/stm32f4xx_hal_msp.c:458:6:HAL_I2C_MspInit	56	static
../Core/Src/stm32f4xx_hal_msp.c:518:6:HAL_I2C_MspDeInit	16	static
../Core/Src/stm32f4xx_hal_msp.c:569:6:HAL_LTDC_MspInit	80	static
../Core/Src/stm32f4xx_hal_msp.c:606:6:HAL_LTDC_MspDeInit	16	static
../Core/Src/stm32f4xx_hal_msp.c:631:6:HAL_QSPI_MspInit	48	static
../Core/Src/stm32f4xx_hal_msp.c:686:6:HAL_QSPI_MspDeInit	16	static
../Core/Src/stm32f4xx_hal_msp.c:722:6:HAL_SD_MspInit	112	static
../Core/Src/stm32f4xx_hal_msp.c:834:6:HAL_SD_MspDeInit	16	static
../Core/Src/stm32f4xx_hal_msp.c:876:6:HAL_SPI_MspInit	48	static
../Core/Src/stm32f4xx_hal_msp.c:921:6:HAL_SPI_MspDeInit	16	static
../Core/Src/stm32f4xx_hal_msp.c:953:6:HAL_TIM_Base_MspInit	24	static
../Core/Src/stm32f4xx_hal_msp.c:992:6:HAL_TIM_Base_MspDeInit	16	static
../Core/Src/stm32f4xx_hal_msp.c:1031:6:HAL_UART_MspInit	48	static
../Core/Src/stm32f4xx_hal_msp.c:1067:6:HAL_UART_MspDeInit	16	static
../Core/Src/stm32f4xx_hal_msp.c:1092:13:HAL_FMC_MspInit	32	static
../Core/Src/stm32f4xx_hal_msp.c:1227:6:HAL_SDRAM_MspInit	16	static
../Core/Src/stm32f4xx_hal_msp.c:1239:13:HAL_FMC_MspDeInit	8	static
../Core/Src/stm32f4xx_hal_msp.c:1337:6:HAL_SDRAM_MspDeInit	16	static
